// Jest Snapshot v1, https://goo.gl/fbAQLP

exports[`TodoList.vue 组件渲染正常 1`] = `
<div>
  <h1>TodoList</h1>
</div>
`;
